---
source: wallet/src/view/credential.rs
assertion_line: 368
expression: credential
snapshot_kind: text
---
id: ""
issuer: issuer
issuer_name: Issuer
issued: ""
type: []
format: ""
claims:
  "":
    - name: Address.Country
      value: ""
    - name: Address.Locality
      value: ""
    - name: Address.Region
      value: ""
    - name: Address.Street Address
      value: ""
    - name: Email
      value: ""
    - name: Family name
      value: ""
    - name: Given name
      value: ""
issuance_date: ""
valid_from: ""
valid_until: ""
name: Employee ID
description: Vercre employee ID credential
background_color: "#323ed2"
text_color: "#ffffff"
logo:
  data: ""
  mediaType: ""
background:
  data: ""
  mediaType: ""
